Mar 11 19:49:13 instance-20251222-2113 node[959243]:     at Generator.next (<anonymous>)
Mar 11 19:49:13 instance-20251222-2113 node[959243]:     at fulfilled (/home/ubuntu/doto-tracker/dist/index.js:5:58)
Mar 11 19:49:13 instance-20251222-2113 node[959243]:     at process.processTicksAndRejections (node:internal/process/task_queues:103:5) {
Mar 11 19:49:13 instance-20251222-2113 node[959243]:   code: 'TokenInvalid'
Mar 11 19:49:13 instance-20251222-2113 node[959243]: }
Mar 11 19:49:13 instance-20251222-2113 node[959243]: Node.js v24.12.0
Mar 11 19:49:13 instance-20251222-2113 systemd[1]: doto-tracker.service: Main process exited, code=exited, status=1/FAILURE
Mar 11 19:49:13 instance-20251222-2113 systemd[1]: doto-tracker.service: Failed with result 'exit-code'.
Mar 11 19:49:23 instance-20251222-2113 systemd[1]: doto-tracker.service: Scheduled restart job, restart counter is at 15.
Mar 11 19:49:23 instance-20251222-2113 systemd[1]: Started doto-tracker.service - Doto Tracker Discord Bot.
Mar 11 19:49:23 instance-20251222-2113 node[978392]: 🔥 THIS IS THE NEW BUILD - 59 TEST
Mar 11 19:49:24 instance-20251222-2113 node[978392]: 2026-03-11 19:49:24.203        INFO        [/dist/services/channelDataService.js:23]        Channel data loaded successfully
Mar 11 19:49:24 instance-20251222-2113 node[978392]: 2026-03-11 19:49:24.464        INFO        [/dist/services/userDataService.js:22]        User data loaded successfully
Mar 11 19:49:24 instance-20251222-2113 node[978392]: 2026-03-11 19:49:24.465        INFO        [/dist/services/turboStatsService.js:24]        Turbo stats loaded successfully
Mar 11 19:49:24 instance-20251222-2113 node[978392]: 2026-03-11 19:49:24.466        INFO        [/dist/services/dotaDataService.js:25]        Initializing DotaDataService — loading hero and item data...
Mar 11 19:49:25 instance-20251222-2113 node[978392]: 2026-03-11 19:49:25.760        INFO        [/dist/services/dotaDataService.js:29]        DotaDataService ready: 127 heroes, 516 items loaded.
Mar 11 19:49:25 instance-20251222-2113 node[978392]: 2026-03-11 19:49:25.761        INFO        [/dist/services/interactionService.js:76]        Interaction handler registered
Mar 11 19:49:25 instance-20251222-2113 node[978392]: /home/ubuntu/doto-tracker/node_modules/discord.js/src/client/Client.js:216
Mar 11 19:49:25 instance-20251222-2113 node[978392]:     if (!token || typeof token !== 'string') throw new DiscordjsError(ErrorCodes.TokenInvalid);
Mar 11 19:49:25 instance-20251222-2113 node[978392]:                                                    ^
Mar 11 19:49:25 instance-20251222-2113 node[978392]: Error [TokenInvalid]: An invalid token was provided.
Mar 11 19:49:25 instance-20251222-2113 node[978392]:     at Client.login (/home/ubuntu/doto-tracker/node_modules/discord.js/src/client/Client.js:216:52)
Mar 11 19:49:25 instance-20251222-2113 node[978392]:     at /home/ubuntu/doto-tracker/dist/index.js:26:18
Mar 11 19:49:25 instance-20251222-2113 node[978392]:     at Generator.next (<anonymous>)
Mar 11 19:49:25 instance-20251222-2113 node[978392]:     at fulfilled (/home/ubuntu/doto-tracker/dist/index.js:5:58)
Mar 11 19:49:25 instance-20251222-2113 node[978392]:     at process.processTicksAndRejections (node:internal/process/task_queues:103:5) {
Mar 11 19:49:25 instance-20251222-2113 node[978392]:   code: 'TokenInvalid'
Mar 11 19:49:25 instance-20251222-2113 node[978392]: }
Mar 11 19:49:25 instance-20251222-2113 node[978392]: Node.js v24.12.0
Mar 11 19:49:25 instance-20251222-2113 systemd[1]: doto-tracker.service: Main process exited, code=exited, status=1/FAILURE
Mar 11 19:49:25 instance-20251222-2113 systemd[1]: doto-tracker.service: Failed with result 'exit-code'.
Mar 11 19:49:35 instance-20251222-2113 systemd[1]: doto-tracker.service: Scheduled restart job, restart counter is at 16.
Mar 11 19:49:35 instance-20251222-2113 systemd[1]: Started doto-tracker.service - Doto Tracker Discord Bot.
Mar 11 19:49:35 instance-20251222-2113 node[997463]: 🔥 THIS IS THE NEW BUILD - 59 TEST
Mar 11 19:49:36 instance-20251222-2113 node[997463]: 2026-03-11 19:49:36.202        INFO        [/dist/services/channelDataService.js:23]        Channel data loaded successfully
Mar 11 19:49:36 instance-20251222-2113 node[997463]: 2026-03-11 19:49:36.465        INFO        [/dist/services/userDataService.js:22]        User data loaded successfully
Mar 11 19:49:36 instance-20251222-2113 node[997463]: 2026-03-11 19:49:36.466        INFO        [/dist/services/turboStatsService.js:24]        Turbo stats loaded successfully
Mar 11 19:49:36 instance-20251222-2113 node[997463]: 2026-03-11 19:49:36.466        INFO        [/dist/services/dotaDataService.js:25]        Initializing DotaDataService — loading hero and item data...
Mar 11 19:49:37 instance-20251222-2113 node[997463]: 2026-03-11 19:49:37.659        INFO        [/dist/services/dotaDataService.js:29]        DotaDataService ready: 127 heroes, 516 items loaded.
Mar 11 19:49:37 instance-20251222-2113 node[997463]: 2026-03-11 19:49:37.659        INFO        [/dist/services/interactionService.js:76]        Interaction handler registered
Mar 11 19:49:37 instance-20251222-2113 node[997463]: /home/ubuntu/doto-tracker/node_modules/discord.js/src/client/Client.js:216
Mar 11 19:49:37 instance-20251222-2113 node[997463]:     if (!token || typeof token !== 'string') throw new DiscordjsError(ErrorCodes.TokenInvalid);
Mar 11 19:49:37 instance-20251222-2113 node[997463]:                                                    ^
Mar 11 19:49:37 instance-20251222-2113 node[997463]: Error [TokenInvalid]: An invalid token was provided.
Mar 11 19:49:37 instance-20251222-2113 node[997463]:     at Client.login (/home/ubuntu/doto-tracker/node_modules/discord.js/src/client/Client.js:216:52)
Mar 11 19:49:37 instance-20251222-2113 node[997463]:     at /home/ubuntu/doto-tracker/dist/index.js:26:18
Mar 11 19:49:37 instance-20251222-2113 node[997463]:     at Generator.next (<anonymous>)
Mar 11 19:49:37 instance-20251222-2113 node[997463]:     at fulfilled (/home/ubuntu/doto-tracker/dist/index.js:5:58)
Mar 11 19:49:37 instance-20251222-2113 node[997463]:     at process.processTicksAndRejections (node:internal/process/task_queues:103:5) {
Mar 11 19:49:37 instance-20251222-2113 node[997463]:   code: 'TokenInvalid'
Mar 11 19:49:37 instance-20251222-2113 node[997463]: }
Mar 11 19:49:37 instance-20251222-2113 node[997463]: Node.js v24.12.0
Mar 11 19:49:37 instance-20251222-2113 systemd[1]: doto-tracker.service: Main process exited, code=exited, status=1/FAILURE
Mar 11 19:49:37 instance-20251222-2113 systemd[1]: doto-tracker.service: Failed with result 'exit-code'.
Mar 11 19:49:47 instance-20251222-2113 systemd[1]: doto-tracker.service: Scheduled restart job, restart counter is at 17.
Mar 11 19:49:47 instance-20251222-2113 systemd[1]: Started doto-tracker.service - Doto Tracker Discord Bot.
Mar 11 19:49:47 instance-20251222-2113 node[1016556]: 🔥 THIS IS THE NEW BUILD - 59 TEST
Mar 11 19:49:48 instance-20251222-2113 node[1016556]: 2026-03-11 19:49:48.202        INFO        [/dist/services/channelDataService.js:23]        Channel data loaded successfully
Mar 11 19:49:48 instance-20251222-2113 node[1016556]: 2026-03-11 19:49:48.465        INFO        [/dist/services/userDataService.js:22]        User data loaded successfully
Mar 11 19:49:48 instance-20251222-2113 node[1016556]: 2026-03-11 19:49:48.465        INFO        [/dist/services/turboStatsService.js:24]        Turbo stats loaded successfully
Mar 11 19:49:48 instance-20251222-2113 node[1016556]: 2026-03-11 19:49:48.466        INFO        [/dist/services/dotaDataService.js:25]        Initializing DotaDataService — loading hero and item data...
Mar 11 19:49:49 instance-20251222-2113 node[1016556]: 2026-03-11 19:49:49.661        INFO        [/dist/services/dotaDataService.js:29]        DotaDataService ready: 127 heroes, 516 items loaded.
Mar 11 19:49:49 instance-20251222-2113 node[1016556]: 2026-03-11 19:49:49.662        INFO        [/dist/services/interactionService.js:76]        Interaction handler registered
Mar 11 19:49:49 instance-20251222-2113 node[1016556]: /home/ubuntu/doto-tracker/node_modules/discord.js/src/client/Client.js:216
Mar 11 19:49:49 instance-20251222-2113 node[1016556]:     if (!token || typeof token !== 'string') throw new DiscordjsError(ErrorCodes.TokenInvalid);
Mar 11 19:49:49 instance-20251222-2113 node[1016556]:                                                    ^
Mar 11 19:49:49 instance-20251222-2113 node[1016556]: Error [TokenInvalid]: An invalid token was provided.
Mar 11 19:49:49 instance-20251222-2113 node[1016556]:     at Client.login (/home/ubuntu/doto-tracker/node_modules/discord.js/src/client/Client.js:216:52)
Mar 11 19:49:49 instance-20251222-2113 node[1016556]:     at /home/ubuntu/doto-tracker/dist/index.js:26:18
Mar 11 19:49:49 instance-20251222-2113 node[1016556]:     at Generator.next (<anonymous>)
Mar 11 19:49:49 instance-20251222-2113 node[1016556]:     at fulfilled (/home/ubuntu/doto-tracker/dist/index.js:5:58)
Mar 11 19:49:49 instance-20251222-2113 node[1016556]:     at process.processTicksAndRejections (node:internal/process/task_queues:103:5) {
Mar 11 19:49:49 instance-20251222-2113 node[1016556]:   code: 'TokenInvalid'
Mar 11 19:49:49 instance-20251222-2113 node[1016556]: }
Mar 11 19:49:49 instance-20251222-2113 node[1016556]: Node.js v24.12.0
Mar 11 19:49:49 instance-20251222-2113 systemd[1]: doto-tracker.service: Main process exited, code=exited, status=1/FAILURE
Mar 11 19:49:49 instance-20251222-2113 systemd[1]: doto-tracker.service: Failed with result 'exit-code'.
Mar 11 19:49:59 instance-20251222-2113 systemd[1]: doto-tracker.service: Scheduled restart job, restart counter is at 18.
Mar 11 19:49:59 instance-20251222-2113 systemd[1]: Started doto-tracker.service - Doto Tracker Discord Bot.
Mar 11 19:49:59 instance-20251222-2113 node[1035500]: 🔥 THIS IS THE NEW BUILD - 59 TEST
Mar 11 19:50:00 instance-20251222-2113 node[1035500]: 2026-03-11 19:50:00.205        INFO        [/dist/services/channelDataService.js:23]        Channel data loaded successfully
Mar 11 19:50:00 instance-20251222-2113 node[1035500]: 2026-03-11 19:50:00.468        INFO        [/dist/services/userDataService.js:22]        User data loaded successfully
Mar 11 19:50:00 instance-20251222-2113 node[1035500]: 2026-03-11 19:50:00.469        INFO        [/dist/services/turboStatsService.js:24]        Turbo stats loaded successfully
Mar 11 19:50:00 instance-20251222-2113 node[1035500]: 2026-03-11 19:50:00.469        INFO        [/dist/services/dotaDataService.js:25]        Initializing DotaDataService — loading hero and item data...
Mar 11 19:50:01 instance-20251222-2113 node[1035500]: 2026-03-11 19:50:01.107        INFO        [/dist/services/dotaDataService.js:29]        DotaDataService ready: 127 heroes, 516 items loaded.
Mar 11 19:50:01 instance-20251222-2113 node[1035500]: 2026-03-11 19:50:01.108        INFO        [/dist/services/interactionService.js:76]        Interaction handler registered
Mar 11 19:50:01 instance-20251222-2113 node[1035500]: /home/ubuntu/doto-tracker/node_modules/discord.js/src/client/Client.js:216
Mar 11 19:50:01 instance-20251222-2113 node[1035500]:     if (!token || typeof token !== 'string') throw new DiscordjsError(ErrorCodes.TokenInvalid);
Mar 11 19:50:01 instance-20251222-2113 node[1035500]:                                                    ^
Mar 11 19:50:01 instance-20251222-2113 node[1035500]: Error [TokenInvalid]: An invalid token was provided.
Mar 11 19:50:01 instance-20251222-2113 node[1035500]:     at Client.login (/home/ubuntu/doto-tracker/node_modules/discord.js/src/client/Client.js:216:52)
Mar 11 19:50:01 instance-20251222-2113 node[1035500]:     at /home/ubuntu/doto-tracker/dist/index.js:26:18
Mar 11 19:50:01 instance-20251222-2113 node[1035500]:     at Generator.next (<anonymous>)
Mar 11 19:50:01 instance-20251222-2113 node[1035500]:     at fulfilled (/home/ubuntu/doto-tracker/dist/index.js:5:58)
Mar 11 19:50:01 instance-20251222-2113 node[1035500]:     at process.processTicksAndRejections (node:internal/process/task_queues:103:5) {
Mar 11 19:50:01 instance-20251222-2113 node[1035500]:   code: 'TokenInvalid'
Mar 11 19:50:01 instance-20251222-2113 node[1035500]: }
Mar 11 19:50:01 instance-20251222-2113 node[1035500]: Node.js v24.12.0
Mar 11 19:50:01 instance-20251222-2113 systemd[1]: doto-tracker.service: Main process exited, code=exited, status=1/FAILURE
Mar 11 19:50:01 instance-20251222-2113 systemd[1]: doto-tracker.service: Failed with result 'exit-code'.
